------------------------------------------------------------
TimeQuest Timing Analyzer Summary
------------------------------------------------------------

Type  : Slow 1100mV 85C Model Setup 'CLOCK_50'
Slack : 6.167
TNS   : 0.000

Type  : Slow 1100mV 85C Model Setup 'clk_vga'
Slack : 25.920
TNS   : 0.000

Type  : Slow 1100mV 85C Model Setup 'v1|c25_gen|clock25_pll_inst|altera_pll_i|general[0].gpll~PLL_OUTPUT_COUNTER|divclk'
Slack : 33.820
TNS   : 0.000

Type  : Slow 1100mV 85C Model Hold 'CLOCK_50'
Slack : 0.218
TNS   : 0.000

Type  : Slow 1100mV 85C Model Hold 'v1|c25_gen|clock25_pll_inst|altera_pll_i|general[0].gpll~PLL_OUTPUT_COUNTER|divclk'
Slack : 0.380
TNS   : 0.000

Type  : Slow 1100mV 85C Model Hold 'clk_vga'
Slack : 8.640
TNS   : 0.000

Type  : Slow 1100mV 85C Model Minimum Pulse Width 'audio|my_clock_gen|DE_Clock_Generator_Audio|auto_generated|generic_pll1~FRACTIONAL_PLL|vcoph[0]'
Slack : 0.714
TNS   : 0.000

Type  : Slow 1100mV 85C Model Minimum Pulse Width 'v1|c25_gen|clock25_pll_inst|altera_pll_i|general[0].gpll~FRACTIONAL_PLL|vcoph[0]'
Slack : 1.666
TNS   : 0.000

Type  : Slow 1100mV 85C Model Minimum Pulse Width 'CLOCK_50'
Slack : 8.529
TNS   : 0.000

Type  : Slow 1100mV 85C Model Minimum Pulse Width 'CLOCK2_50'
Slack : 9.670
TNS   : 0.000

Type  : Slow 1100mV 85C Model Minimum Pulse Width 'v1|c25_gen|clock25_pll_inst|altera_pll_i|general[0].gpll~PLL_OUTPUT_COUNTER|divclk'
Slack : 19.279
TNS   : 0.000

Type  : Slow 1100mV 0C Model Setup 'CLOCK_50'
Slack : 6.104
TNS   : 0.000

Type  : Slow 1100mV 0C Model Setup 'clk_vga'
Slack : 26.348
TNS   : 0.000

Type  : Slow 1100mV 0C Model Setup 'v1|c25_gen|clock25_pll_inst|altera_pll_i|general[0].gpll~PLL_OUTPUT_COUNTER|divclk'
Slack : 33.877
TNS   : 0.000

Type  : Slow 1100mV 0C Model Hold 'CLOCK_50'
Slack : 0.204
TNS   : 0.000

Type  : Slow 1100mV 0C Model Hold 'v1|c25_gen|clock25_pll_inst|altera_pll_i|general[0].gpll~PLL_OUTPUT_COUNTER|divclk'
Slack : 0.392
TNS   : 0.000

Type  : Slow 1100mV 0C Model Hold 'clk_vga'
Slack : 8.416
TNS   : 0.000

Type  : Slow 1100mV 0C Model Minimum Pulse Width 'audio|my_clock_gen|DE_Clock_Generator_Audio|auto_generated|generic_pll1~FRACTIONAL_PLL|vcoph[0]'
Slack : 0.714
TNS   : 0.000

Type  : Slow 1100mV 0C Model Minimum Pulse Width 'v1|c25_gen|clock25_pll_inst|altera_pll_i|general[0].gpll~FRACTIONAL_PLL|vcoph[0]'
Slack : 1.666
TNS   : 0.000

Type  : Slow 1100mV 0C Model Minimum Pulse Width 'CLOCK_50'
Slack : 8.489
TNS   : 0.000

Type  : Slow 1100mV 0C Model Minimum Pulse Width 'CLOCK2_50'
Slack : 9.673
TNS   : 0.000

Type  : Slow 1100mV 0C Model Minimum Pulse Width 'v1|c25_gen|clock25_pll_inst|altera_pll_i|general[0].gpll~PLL_OUTPUT_COUNTER|divclk'
Slack : 19.233
TNS   : 0.000

Type  : Fast 1100mV 85C Model Setup 'CLOCK_50'
Slack : 12.279
TNS   : 0.000

Type  : Fast 1100mV 85C Model Setup 'clk_vga'
Slack : 31.243
TNS   : 0.000

Type  : Fast 1100mV 85C Model Setup 'v1|c25_gen|clock25_pll_inst|altera_pll_i|general[0].gpll~PLL_OUTPUT_COUNTER|divclk'
Slack : 36.234
TNS   : 0.000

Type  : Fast 1100mV 85C Model Hold 'CLOCK_50'
Slack : 0.131
TNS   : 0.000

Type  : Fast 1100mV 85C Model Hold 'v1|c25_gen|clock25_pll_inst|altera_pll_i|general[0].gpll~PLL_OUTPUT_COUNTER|divclk'
Slack : 0.183
TNS   : 0.000

Type  : Fast 1100mV 85C Model Hold 'clk_vga'
Slack : 4.551
TNS   : 0.000

Type  : Fast 1100mV 85C Model Minimum Pulse Width 'audio|my_clock_gen|DE_Clock_Generator_Audio|auto_generated|generic_pll1~FRACTIONAL_PLL|vcoph[0]'
Slack : 0.714
TNS   : 0.000

Type  : Fast 1100mV 85C Model Minimum Pulse Width 'v1|c25_gen|clock25_pll_inst|altera_pll_i|general[0].gpll~FRACTIONAL_PLL|vcoph[0]'
Slack : 1.666
TNS   : 0.000

Type  : Fast 1100mV 85C Model Minimum Pulse Width 'CLOCK_50'
Slack : 8.482
TNS   : 0.000

Type  : Fast 1100mV 85C Model Minimum Pulse Width 'CLOCK2_50'
Slack : 9.336
TNS   : 0.000

Type  : Fast 1100mV 85C Model Minimum Pulse Width 'v1|c25_gen|clock25_pll_inst|altera_pll_i|general[0].gpll~PLL_OUTPUT_COUNTER|divclk'
Slack : 19.542
TNS   : 0.000

Type  : Fast 1100mV 0C Model Setup 'CLOCK_50'
Slack : 12.821
TNS   : 0.000

Type  : Fast 1100mV 0C Model Setup 'clk_vga'
Slack : 31.839
TNS   : 0.000

Type  : Fast 1100mV 0C Model Setup 'v1|c25_gen|clock25_pll_inst|altera_pll_i|general[0].gpll~PLL_OUTPUT_COUNTER|divclk'
Slack : 36.598
TNS   : 0.000

Type  : Fast 1100mV 0C Model Hold 'CLOCK_50'
Slack : 0.118
TNS   : 0.000

Type  : Fast 1100mV 0C Model Hold 'v1|c25_gen|clock25_pll_inst|altera_pll_i|general[0].gpll~PLL_OUTPUT_COUNTER|divclk'
Slack : 0.175
TNS   : 0.000

Type  : Fast 1100mV 0C Model Hold 'clk_vga'
Slack : 4.210
TNS   : 0.000

Type  : Fast 1100mV 0C Model Minimum Pulse Width 'audio|my_clock_gen|DE_Clock_Generator_Audio|auto_generated|generic_pll1~FRACTIONAL_PLL|vcoph[0]'
Slack : 0.714
TNS   : 0.000

Type  : Fast 1100mV 0C Model Minimum Pulse Width 'v1|c25_gen|clock25_pll_inst|altera_pll_i|general[0].gpll~FRACTIONAL_PLL|vcoph[0]'
Slack : 1.666
TNS   : 0.000

Type  : Fast 1100mV 0C Model Minimum Pulse Width 'CLOCK_50'
Slack : 8.436
TNS   : 0.000

Type  : Fast 1100mV 0C Model Minimum Pulse Width 'CLOCK2_50'
Slack : 9.286
TNS   : 0.000

Type  : Fast 1100mV 0C Model Minimum Pulse Width 'v1|c25_gen|clock25_pll_inst|altera_pll_i|general[0].gpll~PLL_OUTPUT_COUNTER|divclk'
Slack : 19.532
TNS   : 0.000

------------------------------------------------------------
